ONLYOFFICE_FONTS_VERSION_14
C:\Windows\Fonts\8514fix.fon
C:\Windows\Fonts\8514fixe.fon
C:\Windows\Fonts\8514fixg.fon
C:\Windows\Fonts\8514fixr.fon
C:\Windows\Fonts\8514fixt.fon
C:\Windows\Fonts\8514oem.fon
C:\Windows\Fonts\8514oeme.fon
C:\Windows\Fonts\8514oemg.fon
C:\Windows\Fonts\8514oemr.fon
C:\Windows\Fonts\8514oemt.fon
C:\Windows\Fonts\8514sys.fon
C:\Windows\Fonts\8514syse.fon
C:\Windows\Fonts\8514sysg.fon
C:\Windows\Fonts\8514sysr.fon
C:\Windows\Fonts\8514syst.fon
C:\Windows\Fonts\85775.fon
C:\Windows\Fonts\85855.fon
C:\Windows\Fonts\85f1255.fon
C:\Windows\Fonts\85f1256.fon
C:\Windows\Fonts\85f1257.fon
C:\Windows\Fonts\85f874.fon
C:\Windows\Fonts\85s1255.fon
C:\Windows\Fonts\85s1256.fon
C:\Windows\Fonts\85s1257.fon
C:\Windows\Fonts\85s874.fon
C:\Windows\Fonts\COURE.FON
C:\Windows\Fonts\COURF.FON
C:\Windows\Fonts\Candara.ttf
C:\Windows\Fonts\Candarab.ttf
C:\Windows\Fonts\Candarai.ttf
C:\Windows\Fonts\Candaraz.ttf
C:\Windows\Fonts\Gabriola.ttf
C:\Windows\Fonts\LeelUIsl.ttf
C:\Windows\Fonts\LeelaUIb.ttf
C:\Windows\Fonts\LeelawUI.ttf
C:\Windows\Fonts\Nirmala.ttf
C:\Windows\Fonts\NirmalaB.ttf
C:\Windows\Fonts\NirmalaS.ttf
C:\Windows\Fonts\SERIFE.FON
C:\Windows\Fonts\SERIFF.FON
C:\Windows\Fonts\SMALLE.FON
C:\Windows\Fonts\SMALLF.FON
C:\Windows\Fonts\SSERIFE.FON
C:\Windows\Fonts\SSERIFF.FON
C:\Windows\Fonts\Sitka.ttc
C:\Windows\Fonts\SitkaB.ttc
C:\Windows\Fonts\SitkaI.ttc
C:\Windows\Fonts\SitkaZ.ttc
C:\Windows\Fonts\StaticCache.dat
C:\Windows\Fonts\YuGothB.ttc
C:\Windows\Fonts\YuGothL.ttc
C:\Windows\Fonts\YuGothM.ttc
C:\Windows\Fonts\YuGothR.ttc
C:\Windows\Fonts\app775.fon
C:\Windows\Fonts\app850.fon
C:\Windows\Fonts\app852.fon
C:\Windows\Fonts\app855.fon
C:\Windows\Fonts\app857.fon
C:\Windows\Fonts\app866.fon
C:\Windows\Fonts\app932.fon
C:\Windows\Fonts\app936.fon
C:\Windows\Fonts\app949.fon
C:\Windows\Fonts\app950.fon
C:\Windows\Fonts\arial.ttf
C:\Windows\Fonts\arialbd.ttf
C:\Windows\Fonts\arialbi.ttf
C:\Windows\Fonts\ariali.ttf
C:\Windows\Fonts\ariblk.ttf
C:\Windows\Fonts\c8514fix.fon
C:\Windows\Fonts\c8514oem.fon
C:\Windows\Fonts\c8514sys.fon
C:\Windows\Fonts\calibri.ttf
C:\Windows\Fonts\calibrib.ttf
C:\Windows\Fonts\calibrii.ttf
C:\Windows\Fonts\calibril.ttf
C:\Windows\Fonts\calibrili.ttf
C:\Windows\Fonts\calibriz.ttf
C:\Windows\Fonts\cambria.ttc
C:\Windows\Fonts\cambriab.ttf
C:\Windows\Fonts\cambriai.ttf
C:\Windows\Fonts\cambriaz.ttf
C:\Windows\Fonts\candara.ttf
C:\Windows\Fonts\candarab.ttf
C:\Windows\Fonts\candarai.ttf
C:\Windows\Fonts\candaraz.ttf
C:\Windows\Fonts\cga40737.fon
C:\Windows\Fonts\cga40850.fon
C:\Windows\Fonts\cga40852.fon
C:\Windows\Fonts\cga40857.fon
C:\Windows\Fonts\cga40866.fon
C:\Windows\Fonts\cga40869.fon
C:\Windows\Fonts\cga40woa.fon
C:\Windows\Fonts\cga80737.fon
C:\Windows\Fonts\cga80850.fon
C:\Windows\Fonts\cga80852.fon
C:\Windows\Fonts\cga80857.fon
C:\Windows\Fonts\cga80866.fon
C:\Windows\Fonts\cga80869.fon
C:\Windows\Fonts\cga80woa.fon
C:\Windows\Fonts\comic.ttf
C:\Windows\Fonts\comicbd.ttf
C:\Windows\Fonts\comici.ttf
C:\Windows\Fonts\comicz.ttf
C:\Windows\Fonts\consola.ttf
C:\Windows\Fonts\consolab.ttf
C:\Windows\Fonts\consolai.ttf
C:\Windows\Fonts\consolaz.ttf
C:\Windows\Fonts\constan.ttf
C:\Windows\Fonts\constanb.ttf
C:\Windows\Fonts\constani.ttf
C:\Windows\Fonts\constanz.ttf
C:\Windows\Fonts\corbel.ttf
C:\Windows\Fonts\corbelb.ttf
C:\Windows\Fonts\corbeli.ttf
C:\Windows\Fonts\corbelz.ttf
C:\Windows\Fonts\coue1255.fon
C:\Windows\Fonts\coue1256.fon
C:\Windows\Fonts\coue1257.fon
C:\Windows\Fonts\couf1255.fon
C:\Windows\Fonts\couf1256.fon
C:\Windows\Fonts\couf1257.fon
C:\Windows\Fonts\cour.ttf
C:\Windows\Fonts\courbd.ttf
C:\Windows\Fonts\courbi.ttf
C:\Windows\Fonts\coure.fon
C:\Windows\Fonts\couree.fon
C:\Windows\Fonts\coureg.fon
C:\Windows\Fonts\courer.fon
C:\Windows\Fonts\couret.fon
C:\Windows\Fonts\courf.fon
C:\Windows\Fonts\courfe.fon
C:\Windows\Fonts\courfg.fon
C:\Windows\Fonts\courfr.fon
C:\Windows\Fonts\courft.fon
C:\Windows\Fonts\couri.ttf
C:\Windows\Fonts\cvgafix.fon
C:\Windows\Fonts\cvgasys.fon
C:\Windows\Fonts\desktop.ini
C:\Windows\Fonts\dos737.fon
C:\Windows\Fonts\dos869.fon
C:\Windows\Fonts\dosapp.fon
C:\Windows\Fonts\ebrima.ttf
C:\Windows\Fonts\ebrimabd.ttf
C:\Windows\Fonts\ega40737.fon
C:\Windows\Fonts\ega40850.fon
C:\Windows\Fonts\ega40852.fon
C:\Windows\Fonts\ega40857.fon
C:\Windows\Fonts\ega40866.fon
C:\Windows\Fonts\ega40869.fon
C:\Windows\Fonts\ega40woa.fon
C:\Windows\Fonts\ega80737.fon
C:\Windows\Fonts\ega80850.fon
C:\Windows\Fonts\ega80852.fon
C:\Windows\Fonts\ega80857.fon
C:\Windows\Fonts\ega80866.fon
C:\Windows\Fonts\ega80869.fon
C:\Windows\Fonts\ega80woa.fon
C:\Windows\Fonts\fms_metadata.xml
C:\Windows\Fonts\framd.ttf
C:\Windows\Fonts\framdit.ttf
C:\Windows\Fonts\gadugi.ttf
C:\Windows\Fonts\gadugib.ttf
C:\Windows\Fonts\georgia.ttf
C:\Windows\Fonts\georgiab.ttf
C:\Windows\Fonts\georgiai.ttf
C:\Windows\Fonts\georgiaz.ttf
C:\Windows\Fonts\gulim.ttc
C:\Windows\Fonts\h8514fix.fon
C:\Windows\Fonts\h8514oem.fon
C:\Windows\Fonts\h8514sys.fon
C:\Windows\Fonts\himalaya.ttf
C:\Windows\Fonts\hvgafix.fon
C:\Windows\Fonts\hvgasys.fon
C:\Windows\Fonts\impact.ttf
C:\Windows\Fonts\j8514fix.fon
C:\Windows\Fonts\j8514oem.fon
C:\Windows\Fonts\j8514sys.fon
C:\Windows\Fonts\javatext.ttf
C:\Windows\Fonts\jsmalle.fon
C:\Windows\Fonts\jsmallf.fon
C:\Windows\Fonts\jvgafix.fon
C:\Windows\Fonts\jvgasys.fon
C:\Windows\Fonts\l_10646.ttf
C:\Windows\Fonts\leelauib.ttf
C:\Windows\Fonts\leelawui.ttf
C:\Windows\Fonts\leeluisl.ttf
C:\Windows\Fonts\lucon.TTF
C:\Windows\Fonts\lucon.ttf
C:\Windows\Fonts\malgun.ttf
C:\Windows\Fonts\malgunbd.ttf
C:\Windows\Fonts\malgunsl.ttf
C:\Windows\Fonts\marlett.ttf
C:\Windows\Fonts\micross.ttf
C:\Windows\Fonts\mingliu.ttc
C:\Windows\Fonts\mingliub.ttc
C:\Windows\Fonts\mmrtext.ttf
C:\Windows\Fonts\mmrtextb.ttf
C:\Windows\Fonts\modern.fon
C:\Windows\Fonts\monbaiti.ttf
C:\Windows\Fonts\msgothic.ttc
C:\Windows\Fonts\msjh.ttc
C:\Windows\Fonts\msjhbd.ttc
C:\Windows\Fonts\msjhl.ttc
C:\Windows\Fonts\msyh.ttc
C:\Windows\Fonts\msyhbd.ttc
C:\Windows\Fonts\msyhl.ttc
C:\Windows\Fonts\msyi.ttf
C:\Windows\Fonts\mvboli.ttf
C:\Windows\Fonts\ntailu.ttf
C:\Windows\Fonts\ntailub.ttf
C:\Windows\Fonts\pala.ttf
C:\Windows\Fonts\palab.ttf
C:\Windows\Fonts\palabi.ttf
C:\Windows\Fonts\palai.ttf
C:\Windows\Fonts\phagspa.ttf
C:\Windows\Fonts\phagspab.ttf
C:\Windows\Fonts\roman.fon
C:\Windows\Fonts\s8514fix.fon
C:\Windows\Fonts\s8514oem.fon
C:\Windows\Fonts\s8514sys.fon
C:\Windows\Fonts\script.fon
C:\Windows\Fonts\segmdl2.ttf
C:\Windows\Fonts\segoepr.ttf
C:\Windows\Fonts\segoeprb.ttf
C:\Windows\Fonts\segoesc.ttf
C:\Windows\Fonts\segoescb.ttf
C:\Windows\Fonts\segoeui.ttf
C:\Windows\Fonts\segoeuib.ttf
C:\Windows\Fonts\segoeuii.ttf
C:\Windows\Fonts\segoeuil.ttf
C:\Windows\Fonts\segoeuisl.ttf
C:\Windows\Fonts\segoeuiz.ttf
C:\Windows\Fonts\seguibl.ttf
C:\Windows\Fonts\seguibli.ttf
C:\Windows\Fonts\seguiemj.ttf
C:\Windows\Fonts\seguihis.ttf
C:\Windows\Fonts\seguili.ttf
C:\Windows\Fonts\seguisb.ttf
C:\Windows\Fonts\seguisbi.ttf
C:\Windows\Fonts\seguisli.ttf
C:\Windows\Fonts\seguisym.ttf
C:\Windows\Fonts\sere1255.fon
C:\Windows\Fonts\sere1256.fon
C:\Windows\Fonts\sere1257.fon
C:\Windows\Fonts\serf1255.fon
C:\Windows\Fonts\serf1256.fon
C:\Windows\Fonts\serf1257.fon
C:\Windows\Fonts\serife.fon
C:\Windows\Fonts\serifee.fon
C:\Windows\Fonts\serifeg.fon
C:\Windows\Fonts\serifer.fon
C:\Windows\Fonts\serifet.fon
C:\Windows\Fonts\seriff.fon
C:\Windows\Fonts\seriffe.fon
C:\Windows\Fonts\seriffg.fon
C:\Windows\Fonts\seriffr.fon
C:\Windows\Fonts\serifft.fon
C:\Windows\Fonts\simsun.ttc
C:\Windows\Fonts\simsunb.ttf
C:\Windows\Fonts\smae1255.fon
C:\Windows\Fonts\smae1256.fon
C:\Windows\Fonts\smae1257.fon
C:\Windows\Fonts\smaf1255.fon
C:\Windows\Fonts\smaf1256.fon
C:\Windows\Fonts\smaf1257.fon
C:\Windows\Fonts\smalle.fon
C:\Windows\Fonts\smallee.fon
C:\Windows\Fonts\smalleg.fon
C:\Windows\Fonts\smaller.fon
C:\Windows\Fonts\smallet.fon
C:\Windows\Fonts\smallf.fon
C:\Windows\Fonts\smallfe.fon
C:\Windows\Fonts\smallfg.fon
C:\Windows\Fonts\smallfr.fon
C:\Windows\Fonts\smallft.fon
C:\Windows\Fonts\ssee1255.fon
C:\Windows\Fonts\ssee1256.fon
C:\Windows\Fonts\ssee1257.fon
C:\Windows\Fonts\ssee874.fon
C:\Windows\Fonts\ssef1255.fon
C:\Windows\Fonts\ssef1256.fon
C:\Windows\Fonts\ssef1257.fon
C:\Windows\Fonts\ssef874.fon
C:\Windows\Fonts\sserife.fon
C:\Windows\Fonts\sserifee.fon
C:\Windows\Fonts\sserifeg.fon
C:\Windows\Fonts\sserifer.fon
C:\Windows\Fonts\sserifet.fon
C:\Windows\Fonts\sseriff.fon
C:\Windows\Fonts\sseriffe.fon
C:\Windows\Fonts\sseriffg.fon
C:\Windows\Fonts\sseriffr.fon
C:\Windows\Fonts\sserifft.fon
C:\Windows\Fonts\svgafix.fon
C:\Windows\Fonts\svgasys.fon
C:\Windows\Fonts\sylfaen.ttf
C:\Windows\Fonts\symbol.ttf
C:\Windows\Fonts\tahoma.ttf
C:\Windows\Fonts\tahomabd.ttf
C:\Windows\Fonts\taile.ttf
C:\Windows\Fonts\taileb.ttf
C:\Windows\Fonts\times.ttf
C:\Windows\Fonts\timesbd.ttf
C:\Windows\Fonts\timesbi.ttf
C:\Windows\Fonts\timesi.ttf
C:\Windows\Fonts\trebuc.ttf
C:\Windows\Fonts\trebucbd.ttf
C:\Windows\Fonts\trebucbi.ttf
C:\Windows\Fonts\trebucit.ttf
C:\Windows\Fonts\verdana.ttf
C:\Windows\Fonts\verdanab.ttf
C:\Windows\Fonts\verdanai.ttf
C:\Windows\Fonts\verdanaz.ttf
C:\Windows\Fonts\vga737.fon
C:\Windows\Fonts\vga775.fon
C:\Windows\Fonts\vga850.fon
C:\Windows\Fonts\vga852.fon
C:\Windows\Fonts\vga855.fon
C:\Windows\Fonts\vga857.fon
C:\Windows\Fonts\vga860.fon
C:\Windows\Fonts\vga861.fon
C:\Windows\Fonts\vga863.fon
C:\Windows\Fonts\vga865.fon
C:\Windows\Fonts\vga866.fon
C:\Windows\Fonts\vga869.fon
C:\Windows\Fonts\vga932.fon
C:\Windows\Fonts\vga936.fon
C:\Windows\Fonts\vga949.fon
C:\Windows\Fonts\vga950.fon
C:\Windows\Fonts\vgaf1255.fon
C:\Windows\Fonts\vgaf1256.fon
C:\Windows\Fonts\vgaf1257.fon
C:\Windows\Fonts\vgaf874.fon
C:\Windows\Fonts\vgafix.fon
C:\Windows\Fonts\vgafixe.fon
C:\Windows\Fonts\vgafixg.fon
C:\Windows\Fonts\vgafixr.fon
C:\Windows\Fonts\vgafixt.fon
C:\Windows\Fonts\vgaoem.fon
C:\Windows\Fonts\vgas1255.fon
C:\Windows\Fonts\vgas1256.fon
C:\Windows\Fonts\vgas1257.fon
C:\Windows\Fonts\vgas874.fon
C:\Windows\Fonts\vgasys.fon
C:\Windows\Fonts\vgasyse.fon
C:\Windows\Fonts\vgasysg.fon
C:\Windows\Fonts\vgasysr.fon
C:\Windows\Fonts\vgasyst.fon
C:\Windows\Fonts\webdings.ttf
C:\Windows\Fonts\wingding.ttf
c:\DocumentServer\bin\\..\core-fonts\ASC.ttf
c:\DocumentServer\bin\\..\core-fonts\README.md
c:\DocumentServer\bin\\..\core-fonts\abyssinica\AbyssinicaSIL-R.ttf
c:\DocumentServer\bin\\..\core-fonts\abyssinica\LICENSE.txt
c:\DocumentServer\bin\\..\core-fonts\ancient-scripts\LICENSE.txt
c:\DocumentServer\bin\\..\core-fonts\ancient-scripts\Symbola_hint.ttf
c:\DocumentServer\bin\\..\core-fonts\arphic-ukai\LICENSE.txt
c:\DocumentServer\bin\\..\core-fonts\arphic-ukai\ukai.ttc
c:\DocumentServer\bin\\..\core-fonts\asana\ASANA.ttc
c:\DocumentServer\bin\\..\core-fonts\asana\LICENSE.txt
c:\DocumentServer\bin\\..\core-fonts\caladea\LICENSE.txt
c:\DocumentServer\bin\\..\core-fonts\caladea\caladea-bold.ttf
c:\DocumentServer\bin\\..\core-fonts\caladea\caladea-bolditalic.ttf
c:\DocumentServer\bin\\..\core-fonts\caladea\caladea-italic.ttf
c:\DocumentServer\bin\\..\core-fonts\caladea\caladea-regular.ttf
c:\DocumentServer\bin\\..\core-fonts\crosextra\Carlito-Bold.ttf
c:\DocumentServer\bin\\..\core-fonts\crosextra\Carlito-BoldItalic.ttf
c:\DocumentServer\bin\\..\core-fonts\crosextra\Carlito-Italic.ttf
c:\DocumentServer\bin\\..\core-fonts\crosextra\Carlito-Regular.ttf
c:\DocumentServer\bin\\..\core-fonts\crosextra\LICENSE.txt
c:\DocumentServer\bin\\..\core-fonts\dejavu\DejaVuMathTeXGyre.ttf
c:\DocumentServer\bin\\..\core-fonts\dejavu\DejaVuSans-Bold.ttf
c:\DocumentServer\bin\\..\core-fonts\dejavu\DejaVuSans-BoldOblique.ttf
c:\DocumentServer\bin\\..\core-fonts\dejavu\DejaVuSans-ExtraLight.ttf
c:\DocumentServer\bin\\..\core-fonts\dejavu\DejaVuSans-Oblique.ttf
c:\DocumentServer\bin\\..\core-fonts\dejavu\DejaVuSans.ttf
c:\DocumentServer\bin\\..\core-fonts\dejavu\DejaVuSansCondensed-Bold.ttf
c:\DocumentServer\bin\\..\core-fonts\dejavu\DejaVuSansCondensed-BoldOblique.ttf
c:\DocumentServer\bin\\..\core-fonts\dejavu\DejaVuSansCondensed-Oblique.ttf
c:\DocumentServer\bin\\..\core-fonts\dejavu\DejaVuSansCondensed.ttf
c:\DocumentServer\bin\\..\core-fonts\dejavu\DejaVuSansMono-Bold.ttf
c:\DocumentServer\bin\\..\core-fonts\dejavu\DejaVuSansMono-BoldOblique.ttf
c:\DocumentServer\bin\\..\core-fonts\dejavu\DejaVuSansMono-Oblique.ttf
c:\DocumentServer\bin\\..\core-fonts\dejavu\DejaVuSansMono.ttf
c:\DocumentServer\bin\\..\core-fonts\dejavu\DejaVuSerif-Bold.ttf
c:\DocumentServer\bin\\..\core-fonts\dejavu\DejaVuSerif-BoldItalic.ttf
c:\DocumentServer\bin\\..\core-fonts\dejavu\DejaVuSerif-Italic.ttf
c:\DocumentServer\bin\\..\core-fonts\dejavu\DejaVuSerif.ttf
c:\DocumentServer\bin\\..\core-fonts\dejavu\DejaVuSerifCondensed-Bold.ttf
c:\DocumentServer\bin\\..\core-fonts\dejavu\DejaVuSerifCondensed-BoldItalic.ttf
c:\DocumentServer\bin\\..\core-fonts\dejavu\DejaVuSerifCondensed-Italic.ttf
c:\DocumentServer\bin\\..\core-fonts\dejavu\DejaVuSerifCondensed.ttf
c:\DocumentServer\bin\\..\core-fonts\dejavu\LICENSE.txt
c:\DocumentServer\bin\\..\core-fonts\droid\DroidSansFallbackFull.ttf
c:\DocumentServer\bin\\..\core-fonts\droid\LICENSE.txt
c:\DocumentServer\bin\\..\core-fonts\fonts-beng-extra\JamrulNormal.ttf
c:\DocumentServer\bin\\..\core-fonts\fonts-beng-extra\LikhanNormal.ttf
c:\DocumentServer\bin\\..\core-fonts\fonts-beng-extra\MuktiNarrow.ttf
c:\DocumentServer\bin\\..\core-fonts\fonts-beng-extra\MuktiNarrowBold.ttf
c:\DocumentServer\bin\\..\core-fonts\fonts-beng-extra\ani.ttf
c:\DocumentServer\bin\\..\core-fonts\fonts-beng-extra\mitra.ttf
c:\DocumentServer\bin\\..\core-fonts\fonts-gujr-extra\LICENSE.txt
c:\DocumentServer\bin\\..\core-fonts\fonts-gujr-extra\Rekha.ttf
c:\DocumentServer\bin\\..\core-fonts\fonts-gujr-extra\padmaa.ttf
c:\DocumentServer\bin\\..\core-fonts\fonts-telu-extra\Pothana2000.ttf
c:\DocumentServer\bin\\..\core-fonts\fonts-telu-extra\vemana2000.ttf
c:\DocumentServer\bin\\..\core-fonts\freefont\FreeMono.ttf
c:\DocumentServer\bin\\..\core-fonts\freefont\FreeMonoBold.ttf
c:\DocumentServer\bin\\..\core-fonts\freefont\FreeMonoBoldOblique.ttf
c:\DocumentServer\bin\\..\core-fonts\freefont\FreeMonoOblique.ttf
c:\DocumentServer\bin\\..\core-fonts\freefont\FreeSans.ttf
c:\DocumentServer\bin\\..\core-fonts\freefont\FreeSansBold.ttf
c:\DocumentServer\bin\\..\core-fonts\freefont\FreeSansBoldOblique.ttf
c:\DocumentServer\bin\\..\core-fonts\freefont\FreeSansOblique.ttf
c:\DocumentServer\bin\\..\core-fonts\freefont\FreeSerif.ttf
c:\DocumentServer\bin\\..\core-fonts\freefont\FreeSerifBold.ttf
c:\DocumentServer\bin\\..\core-fonts\freefont\FreeSerifBoldItalic.ttf
c:\DocumentServer\bin\\..\core-fonts\freefont\FreeSerifItalic.ttf
c:\DocumentServer\bin\\..\core-fonts\kacst-one\KacstOne-Bold.ttf
c:\DocumentServer\bin\\..\core-fonts\kacst-one\KacstOne.ttf
c:\DocumentServer\bin\\..\core-fonts\kacst\KacstArt.ttf
c:\DocumentServer\bin\\..\core-fonts\kacst\KacstBook.ttf
c:\DocumentServer\bin\\..\core-fonts\kacst\KacstDecorative.ttf
c:\DocumentServer\bin\\..\core-fonts\kacst\KacstDigital.ttf
c:\DocumentServer\bin\\..\core-fonts\kacst\KacstFarsi.ttf
c:\DocumentServer\bin\\..\core-fonts\kacst\KacstLetter.ttf
c:\DocumentServer\bin\\..\core-fonts\kacst\KacstNaskh.ttf
c:\DocumentServer\bin\\..\core-fonts\kacst\KacstOffice.ttf
c:\DocumentServer\bin\\..\core-fonts\kacst\KacstPen.ttf
c:\DocumentServer\bin\\..\core-fonts\kacst\KacstPoster.ttf
c:\DocumentServer\bin\\..\core-fonts\kacst\KacstQurn.ttf
c:\DocumentServer\bin\\..\core-fonts\kacst\KacstScreen.ttf
c:\DocumentServer\bin\\..\core-fonts\kacst\KacstTitle.ttf
c:\DocumentServer\bin\\..\core-fonts\kacst\KacstTitleL.ttf
c:\DocumentServer\bin\\..\core-fonts\kacst\mry_KacstQurn.ttf
c:\DocumentServer\bin\\..\core-fonts\liberation\LiberationMono-Bold.ttf
c:\DocumentServer\bin\\..\core-fonts\liberation\LiberationMono-BoldItalic.ttf
c:\DocumentServer\bin\\..\core-fonts\liberation\LiberationMono-Italic.ttf
c:\DocumentServer\bin\\..\core-fonts\liberation\LiberationMono-Regular.ttf
c:\DocumentServer\bin\\..\core-fonts\liberation\LiberationSans-Bold.ttf
c:\DocumentServer\bin\\..\core-fonts\liberation\LiberationSans-BoldItalic.ttf
c:\DocumentServer\bin\\..\core-fonts\liberation\LiberationSans-Italic.ttf
c:\DocumentServer\bin\\..\core-fonts\liberation\LiberationSans-Regular.ttf
c:\DocumentServer\bin\\..\core-fonts\liberation\LiberationSansNarrow-Bold.ttf
c:\DocumentServer\bin\\..\core-fonts\liberation\LiberationSansNarrow-BoldItalic.ttf
c:\DocumentServer\bin\\..\core-fonts\liberation\LiberationSansNarrow-Italic.ttf
c:\DocumentServer\bin\\..\core-fonts\liberation\LiberationSansNarrow-Regular.ttf
c:\DocumentServer\bin\\..\core-fonts\liberation\LiberationSerif-Bold.ttf
c:\DocumentServer\bin\\..\core-fonts\liberation\LiberationSerif-BoldItalic.ttf
c:\DocumentServer\bin\\..\core-fonts\liberation\LiberationSerif-Italic.ttf
c:\DocumentServer\bin\\..\core-fonts\liberation\LiberationSerif-Regular.ttf
c:\DocumentServer\bin\\..\core-fonts\lohit-assamese\LICENSE.txt
c:\DocumentServer\bin\\..\core-fonts\lohit-assamese\Lohit-Assamese.ttf
c:\DocumentServer\bin\\..\core-fonts\lohit-bengali\LICENSE.txt
c:\DocumentServer\bin\\..\core-fonts\lohit-bengali\Lohit-Bengali.ttf
c:\DocumentServer\bin\\..\core-fonts\lohit-devanagari\LICENSE.txt
c:\DocumentServer\bin\\..\core-fonts\lohit-devanagari\Lohit-Devanagari.ttf
c:\DocumentServer\bin\\..\core-fonts\lohit-gujarati\LICENSE.txt
c:\DocumentServer\bin\\..\core-fonts\lohit-gujarati\Lohit-Gujarati.ttf
c:\DocumentServer\bin\\..\core-fonts\lohit-kannada\LICENSE.txt
c:\DocumentServer\bin\\..\core-fonts\lohit-kannada\Lohit-Kannada.ttf
c:\DocumentServer\bin\\..\core-fonts\lohit-malayalam\LICENSE.txt
c:\DocumentServer\bin\\..\core-fonts\lohit-malayalam\Lohit-Malayalam.ttf
c:\DocumentServer\bin\\..\core-fonts\lohit-oriya\LICENSE.txt
c:\DocumentServer\bin\\..\core-fonts\lohit-oriya\Lohit-Odia.ttf
c:\DocumentServer\bin\\..\core-fonts\lohit-punjabi\LICENSE.txt
c:\DocumentServer\bin\\..\core-fonts\lohit-punjabi\Lohit-Gurmukhi.ttf
c:\DocumentServer\bin\\..\core-fonts\lohit-tamil-classical\LICENSE.txt
c:\DocumentServer\bin\\..\core-fonts\lohit-tamil-classical\Lohit-Tamil-Classical.ttf
c:\DocumentServer\bin\\..\core-fonts\lohit-tamil\LICENSE.txt
c:\DocumentServer\bin\\..\core-fonts\lohit-tamil\Lohit-Tamil.ttf
c:\DocumentServer\bin\\..\core-fonts\lohit-telugu\LICENSE.txt
c:\DocumentServer\bin\\..\core-fonts\lohit-telugu\Lohit-Telugu.ttf
c:\DocumentServer\bin\\..\core-fonts\nanum\LICENSE.txt
c:\DocumentServer\bin\\..\core-fonts\nanum\NanumBarunGothic.ttf
c:\DocumentServer\bin\\..\core-fonts\nanum\NanumBarunGothicBold.ttf
c:\DocumentServer\bin\\..\core-fonts\nanum\NanumGothic.ttf
c:\DocumentServer\bin\\..\core-fonts\nanum\NanumGothicBold.ttf
c:\DocumentServer\bin\\..\core-fonts\nanum\NanumMyeongjo.ttf
c:\DocumentServer\bin\\..\core-fonts\nanum\NanumMyeongjoBold.ttf
c:\DocumentServer\bin\\..\core-fonts\nanum\NanumSquareB.ttf
c:\DocumentServer\bin\\..\core-fonts\nanum\NanumSquareR.ttf
c:\DocumentServer\bin\\..\core-fonts\noto\LICENSE.txt
c:\DocumentServer\bin\\..\core-fonts\noto\NotoEmoji-Regular.ttf
c:\DocumentServer\bin\\..\core-fonts\noto\NotoNaskhArabic-hinted\LICENSE_OFL.txt
c:\DocumentServer\bin\\..\core-fonts\noto\NotoNaskhArabic-hinted\NotoNaskhArabic-Bold.ttf
c:\DocumentServer\bin\\..\core-fonts\noto\NotoNaskhArabic-hinted\NotoNaskhArabic-Regular.ttf
c:\DocumentServer\bin\\..\core-fonts\noto\NotoNaskhArabic-hinted\NotoNaskhArabicUI-Bold.ttf
c:\DocumentServer\bin\\..\core-fonts\noto\NotoNaskhArabic-hinted\NotoNaskhArabicUI-Regular.ttf
c:\DocumentServer\bin\\..\core-fonts\noto\NotoNaskhArabic-hinted\README
c:\DocumentServer\bin\\..\core-fonts\noto\NotoSansAdlamUnjoined-Regular.ttf
c:\DocumentServer\bin\\..\core-fonts\noto\NotoSansAnatolianHieroglyphs-Regular.ttf
c:\DocumentServer\bin\\..\core-fonts\noto\NotoSansAvestan-Regular.ttf
c:\DocumentServer\bin\\..\core-fonts\noto\NotoSansBamum-Regular.ttf
c:\DocumentServer\bin\\..\core-fonts\noto\NotoSansBrahmi-Regular.ttf
c:\DocumentServer\bin\\..\core-fonts\noto\NotoSansBuginese-Regular.ttf
c:\DocumentServer\bin\\..\core-fonts\noto\NotoSansCanadianAboriginal-Regular.ttf
c:\DocumentServer\bin\\..\core-fonts\noto\NotoSansChakma-Regular.ttf
c:\DocumentServer\bin\\..\core-fonts\noto\NotoSansCuneiform-Regular.ttf
c:\DocumentServer\bin\\..\core-fonts\noto\NotoSansCypriot-Regular.ttf
c:\DocumentServer\bin\\..\core-fonts\noto\NotoSansEgyptianHieroglyphs-Regular.ttf
c:\DocumentServer\bin\\..\core-fonts\noto\NotoSansGlagolitic-Regular.ttf
c:\DocumentServer\bin\\..\core-fonts\noto\NotoSansImperialAramaic-Regular.ttf
c:\DocumentServer\bin\\..\core-fonts\noto\NotoSansInscriptionalPahlavi-Regular.ttf
c:\DocumentServer\bin\\..\core-fonts\noto\NotoSansInscriptionalParthian-Regular.ttf
c:\DocumentServer\bin\\..\core-fonts\noto\NotoSansJavanese-Regular.ttf
c:\DocumentServer\bin\\..\core-fonts\noto\NotoSansKaithi-Regular.ttf
c:\DocumentServer\bin\\..\core-fonts\noto\NotoSansKayahLi-Regular.ttf
c:\DocumentServer\bin\\..\core-fonts\noto\NotoSansKharoshthi-Regular.ttf
c:\DocumentServer\bin\\..\core-fonts\noto\NotoSansLimbu-Regular.ttf
c:\DocumentServer\bin\\..\core-fonts\noto\NotoSansLydian-Regular.ttf
c:\DocumentServer\bin\\..\core-fonts\noto\NotoSansMongolian-Regular.ttf
c:\DocumentServer\bin\\..\core-fonts\noto\NotoSansNewTaiLue-Regular.ttf
c:\DocumentServer\bin\\..\core-fonts\noto\NotoSansOsage-Regular.ttf
c:\DocumentServer\bin\\..\core-fonts\noto\NotoSansOsmanya-Regular.ttf
c:\DocumentServer\bin\\..\core-fonts\noto\NotoSansPhoenician-Regular.ttf
c:\DocumentServer\bin\\..\core-fonts\noto\NotoSansRejang-Regular.ttf
c:\DocumentServer\bin\\..\core-fonts\noto\NotoSansTagalog-Regular.ttf
c:\DocumentServer\bin\\..\core-fonts\noto\NotoSansTagbanwa-Regular.ttf
c:\DocumentServer\bin\\..\core-fonts\noto\NotoSansTaiLe-Regular.ttf
c:\DocumentServer\bin\\..\core-fonts\noto\NotoSansTaiTham-Regular.ttf
c:\DocumentServer\bin\\..\core-fonts\noto\NotoSansTamil-Regular.ttf
c:\DocumentServer\bin\\..\core-fonts\noto\NotoSansYi-Regular.ttf
c:\DocumentServer\bin\\..\core-fonts\noto\NotoSerifSinhala-Regular.ttf
c:\DocumentServer\bin\\..\core-fonts\noto\Noto_Sans_KR\NotoSansKR-Black.otf
c:\DocumentServer\bin\\..\core-fonts\noto\Noto_Sans_KR\NotoSansKR-Bold.otf
c:\DocumentServer\bin\\..\core-fonts\noto\Noto_Sans_KR\NotoSansKR-Light.otf
c:\DocumentServer\bin\\..\core-fonts\noto\Noto_Sans_KR\NotoSansKR-Medium.otf
c:\DocumentServer\bin\\..\core-fonts\noto\Noto_Sans_KR\NotoSansKR-Regular.otf
c:\DocumentServer\bin\\..\core-fonts\noto\Noto_Sans_KR\NotoSansKR-Thin.otf
c:\DocumentServer\bin\\..\core-fonts\noto\Noto_Sans_KR\OFL.txt
c:\DocumentServer\bin\\..\core-fonts\openoffice\LICENSE.txt
c:\DocumentServer\bin\\..\core-fonts\openoffice\opens___.ttf
c:\DocumentServer\bin\\..\core-fonts\opensans\LICENSE.txt
c:\DocumentServer\bin\\..\core-fonts\opensans\OpenSans-Bold.ttf
c:\DocumentServer\bin\\..\core-fonts\opensans\OpenSans-ExtraBold.ttf
c:\DocumentServer\bin\\..\core-fonts\opensans\OpenSans-Light.ttf
c:\DocumentServer\bin\\..\core-fonts\opensans\OpenSans-Regular.ttf
c:\DocumentServer\bin\\..\core-fonts\opensans\OpenSans-Semibold.ttf
c:\DocumentServer\bin\\..\core-fonts\padauk\LICENSE.txt
c:\DocumentServer\bin\\..\core-fonts\padauk\Padauk-bold.ttf
c:\DocumentServer\bin\\..\core-fonts\padauk\Padauk-book.ttf
c:\DocumentServer\bin\\..\core-fonts\padauk\Padauk-bookbold.ttf
c:\DocumentServer\bin\\..\core-fonts\padauk\Padauk.ttf
c:\DocumentServer\bin\\..\core-fonts\samyak-fonts\Samyak-Gujarati.ttf
c:\DocumentServer\bin\\..\core-fonts\samyak-fonts\Samyak-Malayalam.ttf
c:\DocumentServer\bin\\..\core-fonts\samyak-fonts\Samyak-Tamil.ttf
c:\DocumentServer\bin\\..\core-fonts\samyak\Samyak-Devanagari.ttf
c:\DocumentServer\bin\\..\core-fonts\takao-gothic\LICENSE.txt
c:\DocumentServer\bin\\..\core-fonts\takao-gothic\TakaoExGothic.ttf
c:\DocumentServer\bin\\..\core-fonts\takao-gothic\TakaoGothic.ttf
c:\DocumentServer\bin\\..\core-fonts\takao-gothic\TakaoPGothic.ttf
c:\DocumentServer\bin\\..\core-fonts\tibetan-machine\TibetanMachineUni.ttf
c:\DocumentServer\bin\\..\core-fonts\ttf-khmeros-core\KhmerOS.ttf
c:\DocumentServer\bin\\..\core-fonts\ttf-khmeros-core\KhmerOSsys.ttf
c:\DocumentServer\bin\\..\core-fonts\ubuntu-font-family\LICENSE.txt
c:\DocumentServer\bin\\..\core-fonts\ubuntu-font-family\Ubuntu-B.ttf
c:\DocumentServer\bin\\..\core-fonts\ubuntu-font-family\Ubuntu-BI.ttf
c:\DocumentServer\bin\\..\core-fonts\ubuntu-font-family\Ubuntu-C.ttf
c:\DocumentServer\bin\\..\core-fonts\ubuntu-font-family\Ubuntu-L.ttf
c:\DocumentServer\bin\\..\core-fonts\ubuntu-font-family\Ubuntu-LI.ttf
c:\DocumentServer\bin\\..\core-fonts\ubuntu-font-family\Ubuntu-M.ttf
c:\DocumentServer\bin\\..\core-fonts\ubuntu-font-family\Ubuntu-MI.ttf
c:\DocumentServer\bin\\..\core-fonts\ubuntu-font-family\Ubuntu-R.ttf
c:\DocumentServer\bin\\..\core-fonts\ubuntu-font-family\Ubuntu-RI.ttf
c:\DocumentServer\bin\\..\core-fonts\ubuntu-font-family\UbuntuMono-B.ttf
c:\DocumentServer\bin\\..\core-fonts\ubuntu-font-family\UbuntuMono-BI.ttf
c:\DocumentServer\bin\\..\core-fonts\ubuntu-font-family\UbuntuMono-R.ttf
c:\DocumentServer\bin\\..\core-fonts\ubuntu-font-family\UbuntuMono-RI.ttf
c:\DocumentServer\bin\\..\core-fonts\wqy-zenhei\wqy-zenhei.ttc
